Building for debugging...
[0/2] Write swift-version--58304C5D6DBC2206.txt
Build complete! (0.20s)
Test Suite 'Selected tests' started at 2026-07-26 14:56:11.478.
Test Suite 'SurveillanceCorePackageTests.xctest' started at 2026-07-26 14:56:11.480.
Test Suite 'SurveillanceCorePackageTests.xctest' passed at 2026-07-26 14:56:11.480.
	 Executed 0 tests, with 0 failures (0 unexpected) in 0.000 (0.000) seconds
Test Suite 'Selected tests' passed at 2026-07-26 14:56:11.480.
	 Executed 0 tests, with 0 failures (0 unexpected) in 0.000 (0.002) seconds
◇ Test run started.
↳ Testing Library Version: 1902
↳ Target Platform: arm64e-apple-macos14.0
◇ Test automationCompletedRunIsStrictlyImmutable() started.
◇ Test automationIdenticalInputTranscriptProducesIdenticalStateAndReceipt() started.
◇ Test automationFixedStepAdvancesElapsedTimeExactly() started.
◇ Test automationRunStateCodableRoundTripPreservesAuthoritativeState() started.
◇ Test automationReceiptEventSequenceIsStrictlyMonotonic() started.
✔ Test automationCompletedRunIsStrictlyImmutable() passed after 0.018 seconds.
✔ Test automationFixedStepAdvancesElapsedTimeExactly() passed after 0.034 seconds.
✔ Test automationRunStateCodableRoundTripPreservesAuthoritativeState() passed after 0.047 seconds.
✔ Test automationReceiptEventSequenceIsStrictlyMonotonic() passed after 0.061 seconds.
✔ Test automationIdenticalInputTranscriptProducesIdenticalStateAndReceipt() passed after 0.098 seconds.
✔ Test run with 5 tests in 0 suites passed after 0.099 seconds.
