bash scripts/run_device_acceptance.sh
== Surveillance Survivor device acceptance automation ==
NOTE: Mechanical extract + deploy only. Operator still owns ART sign-off.
== Surveillance Survivor device suite ==
repo: /Users/appliedalchemylabs/Documents/Surveillance-Survivor
commit: 7c400e7
device: 00008150-000A6C120CB8401C
artifacts: /Users/appliedalchemylabs/Documents/Surveillance-Survivor/.device-smoke
started: 2026-08-01T23:23:13Z
xcode: Xcode 26.5 Build version 17F42
skip_ui=0 ui_soft=0 ui_retries=2 acceptance_only=1

---- lock-check ----
lockState: unlockedSinceBoot=True passcodeRequired=False
---- lock-check OK (0s) ----

---- generate ----
xcodegen generate
⚙️  Generating plists...
⚙️  Generating project...
⚙️  Writing project...
Created project at /Users/appliedalchemylabs/Documents/Surveillance-Survivor/SurveillanceSurvivor.xcodeproj
---- generate OK (0s) ----

---- device-smoke ----
== Surveillance Survivor device smoke ==
repo: /Users/appliedalchemylabs/Documents/Surveillance-Survivor
device: 00008150-000A6C120CB8401C
artifacts: /Users/appliedalchemylabs/Documents/Surveillance-Survivor/.device-smoke
started: 2026-08-01T23:23:13Z
Building for device...
Installing /private/tmp/surveillance-survivor-device-suite-derived-data/Build/Products/Debug-iphoneos/SurveillanceSurvivor.app
16:23:19  Acquired tunnel connection to device.
16:23:19  Enabling developer disk image services.
16:23:19  Acquired usage assertion.
App installed:
• bundleID: life.zerostate.surveillancesurvivor
• installationURL: file:///private/var/containers/Bundle/Application/9FB52973-EDA8-415A-A53B-F91A0EE2B42E/SurveillanceSurvivor.app/
• launchServicesIdentifier: unknown
• databaseUUID: 0908C9EA-52C3-45DA-80C2-BA3B759AE635
• databaseSequenceNumber: 6668
• options: 
Launching life.zerostate.surveillancesurvivor (cycle-1)
16:23:21  Acquired tunnel connection to device.
16:23:21  Enabling developer disk image services.
16:23:21  Acquired usage assertion.
Launched application with life.zerostate.surveillancesurvivor bundle identifier.
Settling for 3s...
App process alive (cycle-1): pid=8347
Terminating for relaunch cycle...
16:23:24  Acquired tunnel connection to device.
16:23:24  Enabling developer disk image services.
16:23:24  Acquired usage assertion.
Sent signal to terminate process sent to pid 8347
Launching life.zerostate.surveillancesurvivor (cycle-2-relaunch)
16:23:25  Acquired tunnel connection to device.
16:23:25  Enabling developer disk image services.
16:23:25  Acquired usage assertion.
Launched application with life.zerostate.surveillancesurvivor bundle identifier.
Settling for 3s...
App process alive (cycle-2-relaunch): pid=8348
status: pass
kind: device-smoke
bundle: life.zerostate.surveillancesurvivor
device: 00008150-000A6C120CB8401C
app_path: /private/tmp/surveillance-survivor-device-suite-derived-data/Build/Products/Debug-iphoneos/SurveillanceSurvivor.app
pid: 8348
started: 2026-08-01T23:23:13Z
ended: 2026-08-01T23:23:29Z
commit: 7c400e7
notes: Deploy + dual-launch liveness only; not full physical acceptance.
Wrote JSON receipt: /Users/appliedalchemylabs/Documents/Surveillance-Survivor/.device-smoke/device-receipt.json
Device deployment succeeded: life.zerostate.surveillancesurvivor (00008150-000A6C120CB8401C) pid=8348
Receipt: /Users/appliedalchemylabs/Documents/Surveillance-Survivor/.device-smoke/receipt.txt
JSON: /Users/appliedalchemylabs/Documents/Surveillance-Survivor/.device-smoke/device-receipt.json
---- device-smoke OK (16s) ----

---- device-ui-tests ----
UI test attempt 1 → /Users/appliedalchemylabs/Documents/Surveillance-Survivor/.device-smoke/DeviceUITests-attempt1.xcresult
Command line invocation:
    /Applications/Xcode.app/Contents/Developer/usr/bin/xcodebuild -project SurveillanceSurvivor.xcodeproj -scheme SurveillanceSurvivor -destination platform=iOS,id=00008150-000A6C120CB8401C -derivedDataPath /private/tmp/surveillance-survivor-device-suite-derived-data "-only-testing:SurveillanceSurvivorUITests/DeviceAcceptanceUITests" -resultBundlePath /Users/appliedalchemylabs/Documents/Surveillance-Survivor/.device-smoke/DeviceUITests-attempt1.xcresult -allowProvisioningUpdates -parallel-testing-enabled NO CODE_SIGN_STYLE=Automatic DEVELOPMENT_TEAM=X9M969D8M3 CODE_SIGNING_ALLOWED=YES test

Build settings from command line:
    CODE_SIGN_STYLE = Automatic
    CODE_SIGNING_ALLOWED = YES
    DEVELOPMENT_TEAM = X9M969D8M3

Writing result bundle at path:
	/Users/appliedalchemylabs/Documents/Surveillance-Survivor/.device-smoke/DeviceUITests-attempt1.xcresult

ComputePackagePrebuildTargetDependencyGraph

Prepare packages

CreateBuildRequest

SendProjectDescription

CreateBuildOperation

ComputeTargetDependencyGraph
note: Building targets in dependency order
note: Target dependency graph (4 targets)
    Target 'SurveillanceSurvivorUITests' in project 'SurveillanceSurvivor'
        ➜ Explicit dependency on target 'SurveillanceSurvivor' in project 'SurveillanceSurvivor'
    Target 'SurveillanceSurvivorTests' in project 'SurveillanceSurvivor'
        ➜ Explicit dependency on target 'SurveillanceCore' in project 'SurveillanceSurvivor'
        ➜ Explicit dependency on target 'SurveillanceSurvivor' in project 'SurveillanceSurvivor'
    Target 'SurveillanceSurvivor' in project 'SurveillanceSurvivor'
        ➜ Explicit dependency on target 'SurveillanceCore' in project 'SurveillanceSurvivor'
    Target 'SurveillanceCore' in project 'SurveillanceSurvivor' (no dependencies)

GatherProvisioningInputs

CreateBuildDescription

ExecuteExternalTool /Applications/Xcode.app/Contents/Developer/Toolchains/XcodeDefault.xctoolchain/usr/bin/clang -v -E -dM -arch arm64 -isysroot /Applications/Xcode.app/Contents/Developer/Platforms/iPhoneOS.platform/Developer/SDKs/iPhoneOS26.5.sdk -x c -c /dev/null

ExecuteExternalTool /Applications/Xcode.app/Contents/Developer/Toolchains/XcodeDefault.xctoolchain/usr/bin/swiftc --version

ExecuteExternalTool /Applications/Xcode.app/Contents/Developer/Toolchains/XcodeDefault.xctoolchain/usr/bin/clang -v -E -dM -isysroot /Applications/Xcode.app/Contents/Developer/Platforms/iPhoneOS.platform/Developer/SDKs/iPhoneOS26.5.sdk -x c -c /dev/null

ExecuteExternalTool /Applications/Xcode.app/Contents/Developer/usr/bin/actool --print-asset-tag-combinations --output-format xml1 /Users/appliedalchemylabs/Documents/Surveillance-Survivor/Resources/Assets.xcassets

ExecuteExternalTool /Applications/Xcode.app/Contents/Developer/usr/bin/actool --version --output-format xml1

ExecuteExternalTool /Applications/Xcode.app/Contents/Developer/Toolchains/XcodeDefault.xctoolchain/usr/bin/ld -version_details

Build description signature: 070183088ca6aa8539815f1e671683cd
Build description path: /tmp/surveillance-survivor-device-suite-derived-data/Build/Intermediates.noindex/XCBuildData/070183088ca6aa8539815f1e671683cd.xcbuilddata
ClangStatCache /Applications/Xcode.app/Contents/Developer/Toolchains/XcodeDefault.xctoolchain/usr/bin/clang-stat-cache /Applications/Xcode.app/Contents/Developer/Platforms/iPhoneOS.platform/Developer/SDKs/iPhoneOS26.5.sdk /tmp/surveillance-survivor-device-suite-derived-data/SDKStatCaches.noindex/iphoneos26.5-23F73-32daed1954a7d5dd0789fcaf2a9bb78b.sdkstatcache
    cd /Users/appliedalchemylabs/Documents/Surveillance-Survivor/SurveillanceSurvivor.xcodeproj
    /Applications/Xcode.app/Contents/Developer/Toolchains/XcodeDefault.xctoolchain/usr/bin/clang-stat-cache /Applications/Xcode.app/Contents/Developer/Platforms/iPhoneOS.platform/Developer/SDKs/iPhoneOS26.5.sdk -o /tmp/surveillance-survivor-device-suite-derived-data/SDKStatCaches.noindex/iphoneos26.5-23F73-32daed1954a7d5dd0789fcaf2a9bb78b.sdkstatcache

ProcessInfoPlistFile /tmp/surveillance-survivor-device-suite-derived-data/Build/Products/Debug-iphoneos/SurveillanceCore.framework/Info.plist /tmp/surveillance-survivor-device-suite-derived-data/Build/Intermediates.noindex/SurveillanceSurvivor.build/Debug-iphoneos/SurveillanceCore.build/empty-SurveillanceCore.plist (in target 'SurveillanceCore' from project 'SurveillanceSurvivor')
    cd /Users/appliedalchemylabs/Documents/Surveillance-Survivor
    builtin-infoPlistUtility /tmp/surveillance-survivor-device-suite-derived-data/Build/Intermediates.noindex/SurveillanceSurvivor.build/Debug-iphoneos/SurveillanceCore.build/empty-SurveillanceCore.plist -producttype com.apple.product-type.framework -expandbuildsettings -format binary -platform iphoneos -requiredArchitecture arm64 -o /tmp/surveillance-survivor-device-suite-derived-data/Build/Products/Debug-iphoneos/SurveillanceCore.framework/Info.plist

MkDir /tmp/surveillance-survivor-device-suite-derived-data/Build/Products/Debug-iphoneos/SurveillanceSurvivor.app/PlugIns/SurveillanceSurvivorTests.xctest (in target 'SurveillanceSurvivorTests' from project 'SurveillanceSurvivor')
    cd /Users/appliedalchemylabs/Documents/Surveillance-Survivor
    /bin/mkdir -p /tmp/surveillance-survivor-device-suite-derived-data/Build/Products/Debug-iphoneos/SurveillanceSurvivor.app/PlugIns/SurveillanceSurvivorTests.xctest

MkDir /tmp/surveillance-survivor-device-suite-derived-data/Build/Products/Debug-iphoneos/SurveillanceSurvivor.app/PlugIns/SurveillanceSurvivorTests.xctest/Frameworks (in target 'SurveillanceSurvivorTests' from project 'SurveillanceSurvivor')
    cd /Users/appliedalchemylabs/Documents/Surveillance-Survivor
    /bin/mkdir -p /tmp/surveillance-survivor-device-suite-derived-data/Build/Products/Debug-iphoneos/SurveillanceSurvivor.app/PlugIns/SurveillanceSurvivorTests.xctest/Frameworks

MkDir /tmp/surveillance-survivor-device-suite-derived-data/Build/Products/Debug-iphoneos/SurveillanceSurvivor.app/PlugIns (in target 'SurveillanceSurvivor' from project 'SurveillanceSurvivor')
    cd /Users/appliedalchemylabs/Documents/Surveillance-Survivor
    /bin/mkdir -p /tmp/surveillance-survivor-device-suite-derived-data/Build/Products/Debug-iphoneos/SurveillanceSurvivor.app/PlugIns

ProcessProductPackaging "" /tmp/surveillance-survivor-device-suite-derived-data/Build/Intermediates.noindex/SurveillanceSurvivor.build/Debug-iphoneos/SurveillanceSurvivor.build/SurveillanceSurvivor.app.xcent (in target 'SurveillanceSurvivor' from project 'SurveillanceSurvivor')
    cd /Users/appliedalchemylabs/Documents/Surveillance-Survivor
    
    Entitlements:
    
    {
    "application-identifier" = "X9M969D8M3.life.zerostate.surveillancesurvivor";
    "com.apple.developer.team-identifier" = X9M969D8M3;
    "get-task-allow" = 1;
}
    
    builtin-productPackagingUtility -entitlements -format xml -o /tmp/surveillance-survivor-device-suite-derived-data/Build/Intermediates.noindex/SurveillanceSurvivor.build/Debug-iphoneos/SurveillanceSurvivor.build/SurveillanceSurvivor.app.xcent

ProcessProductPackagingDER /tmp/surveillance-survivor-device-suite-derived-data/Build/Intermediates.noindex/SurveillanceSurvivor.build/Debug-iphoneos/SurveillanceSurvivor.build/SurveillanceSurvivor.app.xcent /tmp/surveillance-survivor-device-suite-derived-data/Build/Intermediates.noindex/SurveillanceSurvivor.build/Debug-iphoneos/SurveillanceSurvivor.build/SurveillanceSurvivor.app.xcent.der (in target 'SurveillanceSurvivor' from project 'SurveillanceSurvivor')
    cd /Users/appliedalchemylabs/Documents/Surveillance-Survivor
    /usr/bin/derq query -f xml -i /tmp/surveillance-survivor-device-suite-derived-data/Build/Intermediates.noindex/SurveillanceSurvivor.build/Debug-iphoneos/SurveillanceSurvivor.build/SurveillanceSurvivor.app.xcent -o /tmp/surveillance-survivor-device-suite-derived-data/Build/Intermediates.noindex/SurveillanceSurvivor.build/Debug-iphoneos/SurveillanceSurvivor.build/SurveillanceSurvivor.app.xcent.der --raw

Copy /tmp/surveillance-survivor-device-suite-derived-data/Build/Products/Debug-iphoneos/SurveillanceSurvivor.app/Frameworks/XCTest.framework /Applications/Xcode.app/Contents/Developer/Platforms/iPhoneOS.platform/Developer/Library/Frameworks/XCTest.framework (in target 'SurveillanceSurvivor' from project 'SurveillanceSurvivor')
    cd /Users/appliedalchemylabs/Documents/Surveillance-Survivor
    builtin-copy -exclude .DS_Store -exclude CVS -exclude .svn -exclude .git -exclude .hg -exclude Headers -exclude PrivateHeaders -exclude Modules -exclude \*.tbd -resolve-src-symlinks /Applications/Xcode.app/Contents/Developer/Platforms/iPhoneOS.platform/Developer/Library/Frameworks/XCTest.framework /tmp/surveillance-survivor-device-suite-derived-data/Build/Products/Debug-iphoneos/SurveillanceSurvivor.app/Frameworks

Copy /tmp/surveillance-survivor-device-suite-derived-data/Build/Products/Debug-iphoneos/SurveillanceSurvivor.app/Frameworks/XCTAutomationSupport.framework /Applications/Xcode.app/Contents/Developer/Platforms/iPhoneOS.platform/Developer/Library/PrivateFrameworks/XCTAutomationSupport.framework (in target 'SurveillanceSurvivor' from project 'SurveillanceSurvivor')
    cd /Users/appliedalchemylabs/Documents/Surveillance-Survivor
    builtin-copy -exclude .DS_Store -exclude CVS -exclude .svn -exclude .git -exclude .hg -exclude Headers -exclude PrivateHeaders -exclude Modules -exclude \*.tbd -resolve-src-symlinks /Applications/Xcode.app/Contents/Developer/Platforms/iPhoneOS.platform/Developer/Library/PrivateFrameworks/XCTAutomationSupport.framework /tmp/surveillance-survivor-device-suite-derived-data/Build/Products/Debug-iphoneos/SurveillanceSurvivor.app/Frameworks

Copy /tmp/surveillance-survivor-device-suite-derived-data/Build/Products/Debug-iphoneos/SurveillanceSurvivor.app/Frameworks/Testing.framework /Applications/Xcode.app/Contents/Developer/Platforms/iPhoneOS.platform/Developer/Library/Frameworks/Testing.framework (in target 'SurveillanceSurvivor' from project 'SurveillanceSurvivor')
    cd /Users/appliedalchemylabs/Documents/Surveillance-Survivor
    builtin-copy -exclude .DS_Store -exclude CVS -exclude .svn -exclude .git -exclude .hg -exclude Headers -exclude PrivateHeaders -exclude Modules -exclude \*.tbd -resolve-src-symlinks /Applications/Xcode.app/Contents/Developer/Platforms/iPhoneOS.platform/Developer/Library/Frameworks/Testing.framework /tmp/surveillance-survivor-device-suite-derived-data/Build/Products/Debug-iphoneos/SurveillanceSurvivor.app/Frameworks

Copy /tmp/surveillance-survivor-device-suite-derived-data/Build/Products/Debug-iphoneos/SurveillanceSurvivor.app/Frameworks/XCTestCore.framework /Applications/Xcode.app/Contents/Developer/Platforms/iPhoneOS.platform/Developer/Library/PrivateFrameworks/XCTestCore.framework (in target 'SurveillanceSurvivor' from project 'SurveillanceSurvivor')
    cd /Users/appliedalchemylabs/Documents/Surveillance-Survivor
    builtin-copy -exclude .DS_Store -exclude CVS -exclude .svn -exclude .git -exclude .hg -exclude Headers -exclude PrivateHeaders -exclude Modules -exclude \*.tbd -resolve-src-symlinks /Applications/Xcode.app/Contents/Developer/Platforms/iPhoneOS.platform/Developer/Library/PrivateFrameworks/XCTestCore.framework /tmp/surveillance-survivor-device-suite-derived-data/Build/Products/Debug-iphoneos/SurveillanceSurvivor.app/Frameworks

Copy /tmp/surveillance-survivor-device-suite-derived-data/Build/Products/Debug-iphoneos/SurveillanceSurvivor.app/Frameworks/libXCTestSwiftSupport.dylib /Applications/Xcode.app/Contents/Developer/Platforms/iPhoneOS.platform/Developer/usr/lib/libXCTestSwiftSupport.dylib (in target 'SurveillanceSurvivor' from project 'SurveillanceSurvivor')
    cd /Users/appliedalchemylabs/Documents/Surveillance-Survivor
    builtin-copy -exclude .DS_Store -exclude CVS -exclude .svn -exclude .git -exclude .hg -exclude Headers -exclude PrivateHeaders -exclude Modules -exclude \*.tbd -resolve-src-symlinks /Applications/Xcode.app/Contents/Developer/Platforms/iPhoneOS.platform/Developer/usr/lib/libXCTestSwiftSupport.dylib /tmp/surveillance-survivor-device-suite-derived-data/Build/Products/Debug-iphoneos/SurveillanceSurvivor.app/Frameworks

Copy /tmp/surveillance-survivor-device-suite-derived-data/Build/Products/Debug-iphoneos/SurveillanceSurvivor.app/Frameworks/libXCTestBundleInject.dylib /Applications/Xcode.app/Contents/Developer/Platforms/iPhoneOS.platform/Developer/usr/lib/libXCTestBundleInject.dylib (in target 'SurveillanceSurvivor' from project 'SurveillanceSurvivor')
    cd /Users/appliedalchemylabs/Documents/Surveillance-Survivor
    builtin-copy -exclude .DS_Store -exclude CVS -exclude .svn -exclude .git -exclude .hg -exclude Headers -exclude PrivateHeaders -exclude Modules -exclude \*.tbd -resolve-src-symlinks /Applications/Xcode.app/Contents/Developer/Platforms/iPhoneOS.platform/Developer/usr/lib/libXCTestBundleInject.dylib /tmp/surveillance-survivor-device-suite-derived-data/Build/Products/Debug-iphoneos/SurveillanceSurvivor.app/Frameworks

Copy /tmp/surveillance-survivor-device-suite-derived-data/Build/Products/Debug-iphoneos/SurveillanceSurvivor.app/Frameworks/XCUnit.framework /Applications/Xcode.app/Contents/Developer/Platforms/iPhoneOS.platform/Developer/Library/PrivateFrameworks/XCUnit.framework (in target 'SurveillanceSurvivor' from project 'SurveillanceSurvivor')
    cd /Users/appliedalchemylabs/Documents/Surveillance-Survivor
    builtin-copy -exclude .DS_Store -exclude CVS -exclude .svn -exclude .git -exclude .hg -exclude Headers -exclude PrivateHeaders -exclude Modules -exclude \*.tbd -resolve-src-symlinks /Applications/Xcode.app/Contents/Developer/Platforms/iPhoneOS.platform/Developer/Library/PrivateFrameworks/XCUnit.framework /tmp/surveillance-survivor-device-suite-derived-data/Build/Products/Debug-iphoneos/SurveillanceSurvivor.app/Frameworks

Copy /tmp/surveillance-survivor-device-suite-derived-data/Build/Products/Debug-iphoneos/SurveillanceSurvivor.app/Frameworks/XCUIAutomation.framework /Applications/Xcode.app/Contents/Developer/Platforms/iPhoneOS.platform/Developer/Library/Frameworks/XCUIAutomation.framework (in target 'SurveillanceSurvivor' from project 'SurveillanceSurvivor')
    cd /Users/appliedalchemylabs/Documents/Surveillance-Survivor
    builtin-copy -exclude .DS_Store -exclude CVS -exclude .svn -exclude .git -exclude .hg -exclude Headers -exclude PrivateHeaders -exclude Modules -exclude \*.tbd -resolve-src-symlinks /Applications/Xcode.app/Contents/Developer/Platforms/iPhoneOS.platform/Developer/Library/Frameworks/XCUIAutomation.framework /tmp/surveillance-survivor-device-suite-derived-data/Build/Products/Debug-iphoneos/SurveillanceSurvivor.app/Frameworks

Copy /tmp/surveillance-survivor-device-suite-derived-data/Build/Products/Debug-iphoneos/SurveillanceSurvivor.app/Frameworks/XCTestSupport.framework /Applications/Xcode.app/Contents/Developer/Platforms/iPhoneOS.platform/Developer/Library/PrivateFrameworks/XCTestSupport.framework (in target 'SurveillanceSurvivor' from project 'SurveillanceSurvivor')
    cd /Users/appliedalchemylabs/Documents/Surveillance-Survivor
    builtin-copy -exclude .DS_Store -exclude CVS -exclude .svn -exclude .git -exclude .hg -exclude Headers -exclude PrivateHeaders -exclude Modules -exclude \*.tbd -resolve-src-symlinks /Applications/Xcode.app/Contents/Developer/Platforms/iPhoneOS.platform/Developer/Library/PrivateFrameworks/XCTestSupport.framework /tmp/surveillance-survivor-device-suite-derived-data/Build/Products/Debug-iphoneos/SurveillanceSurvivor.app/Frameworks

ProcessInfoPlistFile /tmp/surveillance-survivor-device-suite-derived-data/Build/Products/Debug-iphoneos/SurveillanceSurvivor.app/Info.plist /tmp/surveillance-survivor-device-suite-derived-data/Build/Intermediates.noindex/SurveillanceSurvivor.build/Debug-iphoneos/SurveillanceSurvivor.build/empty-SurveillanceSurvivor.plist (in target 'SurveillanceSurvivor' from project 'SurveillanceSurvivor')
    cd /Users/appliedalchemylabs/Documents/Surveillance-Survivor
    builtin-infoPlistUtility /tmp/surveillance-survivor-device-suite-derived-data/Build/Intermediates.noindex/SurveillanceSurvivor.build/Debug-iphoneos/SurveillanceSurvivor.build/empty-SurveillanceSurvivor.plist -producttype com.apple.product-type.application -genpkginfo /tmp/surveillance-survivor-device-suite-derived-data/Build/Products/Debug-iphoneos/SurveillanceSurvivor.app/PkgInfo -expandbuildsettings -format binary -platform iphoneos -additionalcontentfile /tmp/surveillance-survivor-device-suite-derived-data/Build/Intermediates.noindex/SurveillanceSurvivor.build/Debug-iphoneos/SurveillanceSurvivor.build/assetcatalog_generated_info.plist -scanforprivacyfile /tmp/surveillance-survivor-device-suite-derived-data/Build/Products/Debug-iphoneos/SurveillanceSurvivor.app/Frameworks/SurveillanceCore.framework -requiredArchitecture arm64 -o /tmp/surveillance-survivor-device-suite-derived-data/Build/Products/Debug-iphoneos/SurveillanceSurvivor.app/Info.plist

CopySwiftLibs /tmp/surveillance-survivor-device-suite-derived-data/Build/Products/Debug-iphoneos/SurveillanceSurvivor.app (in target 'SurveillanceSurvivor' from project 'SurveillanceSurvivor')
    cd /Users/appliedalchemylabs/Documents/Surveillance-Survivor
    builtin-swiftStdLibTool --copy --verbose --sign B33825DDAC50AB66C55B4DA3C15966CE6DD7D7F1 --scan-executable /tmp/surveillance-survivor-device-suite-derived-data/Build/Products/Debug-iphoneos/SurveillanceSurvivor.app/SurveillanceSurvivor.debug.dylib --scan-folder /tmp/surveillance-survivor-device-suite-derived-data/Build/Products/Debug-iphoneos/SurveillanceSurvivor.app/Frameworks --scan-folder /tmp/surveillance-survivor-device-suite-derived-data/Build/Products/Debug-iphoneos/SurveillanceSurvivor.app/PlugIns --scan-folder /tmp/surveillance-survivor-device-suite-derived-data/Build/Products/Debug-iphoneos/SurveillanceSurvivor.app/SystemExtensions --scan-folder /tmp/surveillance-survivor-device-suite-derived-data/Build/Products/Debug-iphoneos/SurveillanceSurvivor.app/Extensions --scan-folder /tmp/surveillance-survivor-device-suite-derived-data/Build/Products/Debug-iphoneos/SurveillanceCore.framework --platform iphoneos --toolchain /Applications/Xcode.app/Contents/Developer/Toolchains/XcodeDefault.xctoolchain --destination /tmp/surveillance-survivor-device-suite-derived-data/Build/Products/Debug-iphoneos/SurveillanceSurvivor.app/Frameworks --strip-bitcode --strip-bitcode-tool /Applications/Xcode.app/Contents/Developer/Toolchains/XcodeDefault.xctoolchain/usr/bin/bitcode_strip --emit-dependency-info /tmp/surveillance-survivor-device-suite-derived-data/Build/Intermediates.noindex/SurveillanceSurvivor.build/Debug-iphoneos/SurveillanceSurvivor.build/SwiftStdLibToolInputDependencies.dep --filter-for-swift-os

CodeSign /tmp/surveillance-survivor-device-suite-derived-data/Build/Products/Debug-iphoneos/SurveillanceSurvivor.app/Frameworks/libXCTestBundleInject.dylib (in target 'SurveillanceSurvivor' from project 'SurveillanceSurvivor')
    cd /Users/appliedalchemylabs/Documents/Surveillance-Survivor
    
    Signing Identity:     "Apple Development: scrimshawlife@gmail.com (AK2K2HTTW2)"
    Provisioning Profile: "iOS Team Provisioning Profile: life.zerostate.surveillancesurvivor"
                          (eed68592-664e-4990-8475-efb3cbfe6427)
    
    /usr/bin/codesign --force --sign B33825DDAC50AB66C55B4DA3C15966CE6DD7D7F1 --timestamp\=none --preserve-metadata\=identifier,entitlements,flags --generate-entitlement-der /tmp/surveillance-survivor-device-suite-derived-data/Build/Products/Debug-iphoneos/SurveillanceSurvivor.app/Frameworks/libXCTestBundleInject.dylib
/tmp/surveillance-survivor-device-suite-derived-data/Build/Products/Debug-iphoneos/SurveillanceSurvivor.app/Frameworks/libXCTestBundleInject.dylib: replacing existing signature

CodeSign /tmp/surveillance-survivor-device-suite-derived-data/Build/Products/Debug-iphoneos/SurveillanceSurvivor.app/Frameworks/libXCTestSwiftSupport.dylib (in target 'SurveillanceSurvivor' from project 'SurveillanceSurvivor')
    cd /Users/appliedalchemylabs/Documents/Surveillance-Survivor
    
    Signing Identity:     "Apple Development: scrimshawlife@gmail.com (AK2K2HTTW2)"
    Provisioning Profile: "iOS Team Provisioning Profile: life.zerostate.surveillancesurvivor"
                          (eed68592-664e-4990-8475-efb3cbfe6427)
    
    /usr/bin/codesign --force --sign B33825DDAC50AB66C55B4DA3C15966CE6DD7D7F1 --timestamp\=none --preserve-metadata\=identifier,entitlements,flags --generate-entitlement-der /tmp/surveillance-survivor-device-suite-derived-data/Build/Products/Debug-iphoneos/SurveillanceSurvivor.app/Frameworks/libXCTestSwiftSupport.dylib
/tmp/surveillance-survivor-device-suite-derived-data/Build/Products/Debug-iphoneos/SurveillanceSurvivor.app/Frameworks/libXCTestSwiftSupport.dylib: replacing existing signature

CodeSign /tmp/surveillance-survivor-device-suite-derived-data/Build/Products/Debug-iphoneos/SurveillanceSurvivor.app/Frameworks/XCTestSupport.framework (in target 'SurveillanceSurvivor' from project 'SurveillanceSurvivor')
    cd /Users/appliedalchemylabs/Documents/Surveillance-Survivor
    
    Signing Identity:     "Apple Development: scrimshawlife@gmail.com (AK2K2HTTW2)"
    Provisioning Profile: "iOS Team Provisioning Profile: life.zerostate.surveillancesurvivor"
                          (eed68592-664e-4990-8475-efb3cbfe6427)
    
    /usr/bin/codesign --force --sign B33825DDAC50AB66C55B4DA3C15966CE6DD7D7F1 --timestamp\=none --preserve-metadata\=identifier,entitlements,flags --generate-entitlement-der /tmp/surveillance-survivor-device-suite-derived-data/Build/Products/Debug-iphoneos/SurveillanceSurvivor.app/Frameworks/XCTestSupport.framework
/tmp/surveillance-survivor-device-suite-derived-data/Build/Products/Debug-iphoneos/SurveillanceSurvivor.app/Frameworks/XCTestSupport.framework: replacing existing signature

CodeSign /tmp/surveillance-survivor-device-suite-derived-data/Build/Products/Debug-iphoneos/SurveillanceSurvivor.app/Frameworks/XCTest.framework (in target 'SurveillanceSurvivor' from project 'SurveillanceSurvivor')
    cd /Users/appliedalchemylabs/Documents/Surveillance-Survivor
    
    Signing Identity:     "Apple Development: scrimshawlife@gmail.com (AK2K2HTTW2)"
    Provisioning Profile: "iOS Team Provisioning Profile: life.zerostate.surveillancesurvivor"
                          (eed68592-664e-4990-8475-efb3cbfe6427)
    
    /usr/bin/codesign --force --sign B33825DDAC50AB66C55B4DA3C15966CE6DD7D7F1 --timestamp\=none --preserve-metadata\=identifier,entitlements,flags --generate-entitlement-der /tmp/surveillance-survivor-device-suite-derived-data/Build/Products/Debug-iphoneos/SurveillanceSurvivor.app/Frameworks/XCTest.framework
/tmp/surveillance-survivor-device-suite-derived-data/Build/Products/Debug-iphoneos/SurveillanceSurvivor.app/Frameworks/XCTest.framework: replacing existing signature

CodeSign /tmp/surveillance-survivor-device-suite-derived-data/Build/Products/Debug-iphoneos/SurveillanceSurvivor.app/Frameworks/XCUnit.framework (in target 'SurveillanceSurvivor' from project 'SurveillanceSurvivor')
    cd /Users/appliedalchemylabs/Documents/Surveillance-Survivor
    
    Signing Identity:     "Apple Development: scrimshawlife@gmail.com (AK2K2HTTW2)"
    Provisioning Profile: "iOS Team Provisioning Profile: life.zerostate.surveillancesurvivor"
                          (eed68592-664e-4990-8475-efb3cbfe6427)
    
    /usr/bin/codesign --force --sign B33825DDAC50AB66C55B4DA3C15966CE6DD7D7F1 --timestamp\=none --preserve-metadata\=identifier,entitlements,flags --generate-entitlement-der /tmp/surveillance-survivor-device-suite-derived-data/Build/Products/Debug-iphoneos/SurveillanceSurvivor.app/Frameworks/XCUnit.framework
/tmp/surveillance-survivor-device-suite-derived-data/Build/Products/Debug-iphoneos/SurveillanceSurvivor.app/Frameworks/XCUnit.framework: replacing existing signature

CodeSign /tmp/surveillance-survivor-device-suite-derived-data/Build/Products/Debug-iphoneos/SurveillanceSurvivor.app/Frameworks/XCTAutomationSupport.framework (in target 'SurveillanceSurvivor' from project 'SurveillanceSurvivor')
    cd /Users/appliedalchemylabs/Documents/Surveillance-Survivor
    
    Signing Identity:     "Apple Development: scrimshawlife@gmail.com (AK2K2HTTW2)"
    Provisioning Profile: "iOS Team Provisioning Profile: life.zerostate.surveillancesurvivor"
                          (eed68592-664e-4990-8475-efb3cbfe6427)
    
    /usr/bin/codesign --force --sign B33825DDAC50AB66C55B4DA3C15966CE6DD7D7F1 --timestamp\=none --preserve-metadata\=identifier,entitlements,flags --generate-entitlement-der /tmp/surveillance-survivor-device-suite-derived-data/Build/Products/Debug-iphoneos/SurveillanceSurvivor.app/Frameworks/XCTAutomationSupport.framework
/tmp/surveillance-survivor-device-suite-derived-data/Build/Products/Debug-iphoneos/SurveillanceSurvivor.app/Frameworks/XCTAutomationSupport.framework: replacing existing signature

CodeSign /tmp/surveillance-survivor-device-suite-derived-data/Build/Products/Debug-iphoneos/SurveillanceSurvivor.app/Frameworks/XCUIAutomation.framework (in target 'SurveillanceSurvivor' from project 'SurveillanceSurvivor')
    cd /Users/appliedalchemylabs/Documents/Surveillance-Survivor
    
    Signing Identity:     "Apple Development: scrimshawlife@gmail.com (AK2K2HTTW2)"
    Provisioning Profile: "iOS Team Provisioning Profile: life.zerostate.surveillancesurvivor"
                          (eed68592-664e-4990-8475-efb3cbfe6427)
    
    /usr/bin/codesign --force --sign B33825DDAC50AB66C55B4DA3C15966CE6DD7D7F1 --timestamp\=none --preserve-metadata\=identifier,entitlements,flags --generate-entitlement-der /tmp/surveillance-survivor-device-suite-derived-data/Build/Products/Debug-iphoneos/SurveillanceSurvivor.app/Frameworks/XCUIAutomation.framework
/tmp/surveillance-survivor-device-suite-derived-data/Build/Products/Debug-iphoneos/SurveillanceSurvivor.app/Frameworks/XCUIAutomation.framework: replacing existing signature

CodeSign /tmp/surveillance-survivor-device-suite-derived-data/Build/Products/Debug-iphoneos/SurveillanceSurvivor.app/Frameworks/XCTestCore.framework (in target 'SurveillanceSurvivor' from project 'SurveillanceSurvivor')
    cd /Users/appliedalchemylabs/Documents/Surveillance-Survivor
    
    Signing Identity:     "Apple Development: scrimshawlife@gmail.com (AK2K2HTTW2)"
    Provisioning Profile: "iOS Team Provisioning Profile: life.zerostate.surveillancesurvivor"
                          (eed68592-664e-4990-8475-efb3cbfe6427)
    
    /usr/bin/codesign --force --sign B33825DDAC50AB66C55B4DA3C15966CE6DD7D7F1 --timestamp\=none --preserve-metadata\=identifier,entitlements,flags --generate-entitlement-der /tmp/surveillance-survivor-device-suite-derived-data/Build/Products/Debug-iphoneos/SurveillanceSurvivor.app/Frameworks/XCTestCore.framework
/tmp/surveillance-survivor-device-suite-derived-data/Build/Products/Debug-iphoneos/SurveillanceSurvivor.app/Frameworks/XCTestCore.framework: replacing existing signature

CodeSign /tmp/surveillance-survivor-device-suite-derived-data/Build/Products/Debug-iphoneos/SurveillanceSurvivor.app/Frameworks/Testing.framework (in target 'SurveillanceSurvivor' from project 'SurveillanceSurvivor')
    cd /Users/appliedalchemylabs/Documents/Surveillance-Survivor
    
    Signing Identity:     "Apple Development: scrimshawlife@gmail.com (AK2K2HTTW2)"
    Provisioning Profile: "iOS Team Provisioning Profile: life.zerostate.surveillancesurvivor"
                          (eed68592-664e-4990-8475-efb3cbfe6427)
    
    /usr/bin/codesign --force --sign B33825DDAC50AB66C55B4DA3C15966CE6DD7D7F1 --timestamp\=none --preserve-metadata\=identifier,entitlements,flags --generate-entitlement-der /tmp/surveillance-survivor-device-suite-derived-data/Build/Products/Debug-iphoneos/SurveillanceSurvivor.app/Frameworks/Testing.framework
/tmp/surveillance-survivor-device-suite-derived-data/Build/Products/Debug-iphoneos/SurveillanceSurvivor.app/Frameworks/Testing.framework: replacing existing signature

ProcessInfoPlistFile /tmp/surveillance-survivor-device-suite-derived-data/Build/Products/Debug-iphoneos/SurveillanceSurvivor.app/PlugIns/SurveillanceSurvivorTests.xctest/Info.plist /tmp/surveillance-survivor-device-suite-derived-data/Build/Intermediates.noindex/SurveillanceSurvivor.build/Debug-iphoneos/SurveillanceSurvivorTests.build/empty-SurveillanceSurvivorTests.plist (in target 'SurveillanceSurvivorTests' from project 'SurveillanceSurvivor')
    cd /Users/appliedalchemylabs/Documents/Surveillance-Survivor
    builtin-infoPlistUtility /tmp/surveillance-survivor-device-suite-derived-data/Build/Intermediates.noindex/SurveillanceSurvivor.build/Debug-iphoneos/SurveillanceSurvivorTests.build/empty-SurveillanceSurvivorTests.plist -producttype com.apple.product-type.bundle.unit-test -expandbuildsettings -format binary -platform iphoneos -requiredArchitecture arm64 -o /tmp/surveillance-survivor-device-suite-derived-data/Build/Products/Debug-iphoneos/SurveillanceSurvivor.app/PlugIns/SurveillanceSurvivorTests.xctest/Info.plist

Ld /tmp/surveillance-survivor-device-suite-derived-data/Build/Products/Debug-iphoneos/SurveillanceSurvivor.app/PlugIns/SurveillanceSurvivorTests.xctest/SurveillanceSurvivorTests normal (in target 'SurveillanceSurvivorTests' from project 'SurveillanceSurvivor')
    cd /Users/appliedalchemylabs/Documents/Surveillance-Survivor
    /Applications/Xcode.app/Contents/Developer/Toolchains/XcodeDefault.xctoolchain/usr/bin/clang -Xlinker -reproducible -target arm64-apple-ios18.0 -bundle -isysroot /Applications/Xcode.app/Contents/Developer/Platforms/iPhoneOS.platform/Developer/SDKs/iPhoneOS26.5.sdk -O0 -L/tmp/surveillance-survivor-device-suite-derived-data/Build/Intermediates.noindex/EagerLinkingTBDs/Debug-iphoneos -L/tmp/surveillance-survivor-device-suite-derived-data/Build/Products/Debug-iphoneos -L/Applications/Xcode.app/Contents/Developer/Platforms/iPhoneOS.platform/Developer/usr/lib -F/tmp/surveillance-survivor-device-suite-derived-data/Build/Intermediates.noindex/EagerLinkingTBDs/Debug-iphoneos -F/tmp/surveillance-survivor-device-suite-derived-data/Build/Products/Debug-iphoneos -iframework /Applications/Xcode.app/Contents/Developer/Platforms/iPhoneOS.platform/Developer/Library/Frameworks -iframework /Applications/Xcode.app/Contents/Developer/Platforms/iPhoneOS.platform/Developer/SDKs/iPhoneOS26.5.sdk/Developer/Library/Frameworks -filelist /tmp/surveillance-survivor-device-suite-derived-data/Build/Intermediates.noindex/SurveillanceSurvivor.build/Debug-iphoneos/SurveillanceSurvivorTests.build/Objects-normal/arm64/SurveillanceSurvivorTests.LinkFileList -Xlinker -rpath -Xlinker /usr/lib/swift -Xlinker -rpath -Xlinker @loader_path/Frameworks -Xlinker -rpath -Xlinker @executable_path/Frameworks -Xlinker -dead_strip -bundle_loader /tmp/surveillance-survivor-device-suite-derived-data/Build/Products/Debug-iphoneos/SurveillanceSurvivor.app/SurveillanceSurvivor -Xlinker -object_path_lto -Xlinker /tmp/surveillance-survivor-device-suite-derived-data/Build/Intermediates.noindex/SurveillanceSurvivor.build/Debug-iphoneos/SurveillanceSurvivorTests.build/Objects-normal/arm64/SurveillanceSurvivorTests_lto.o -rdynamic -Xlinker -no_deduplicate -Xlinker -dependency_info -Xlinker /tmp/surveillance-survivor-device-suite-derived-data/Build/Intermediates.noindex/SurveillanceSurvivor.build/Debug-iphoneos/SurveillanceSurvivorTests.build/Objects-normal/arm64/SurveillanceSurvivorTests_dependency_info.dat -fobjc-link-runtime -L/Applications/Xcode.app/Contents/Developer/Toolchains/XcodeDefault.xctoolchain/usr/lib/swift/iphoneos -L/usr/lib/swift -Xlinker -add_ast_path -Xlinker /tmp/surveillance-survivor-device-suite-derived-data/Build/Intermediates.noindex/SurveillanceSurvivor.build/Debug-iphoneos/SurveillanceSurvivorTests.build/Objects-normal/arm64/SurveillanceSurvivorTests.swiftmodule @/tmp/surveillance-survivor-device-suite-derived-data/Build/Intermediates.noindex/SurveillanceSurvivor.build/Debug-iphoneos/SurveillanceSurvivorTests.build/Objects-normal/arm64/SurveillanceSurvivorTests-linker-args.resp -Xlinker -needed_framework -Xlinker XCTest -framework XCTest -Xlinker -needed-lXCTestSwiftSupport -lXCTestSwiftSupport -framework SurveillanceCore /tmp/surveillance-survivor-device-suite-derived-data/Build/Products/Debug-iphoneos/SurveillanceSurvivor.app/SurveillanceSurvivor.debug.dylib -Xlinker -no_adhoc_codesign -o /tmp/surveillance-survivor-device-suite-derived-data/Build/Products/Debug-iphoneos/SurveillanceSurvivor.app/PlugIns/SurveillanceSurvivorTests.xctest/SurveillanceSurvivorTests

Copy /tmp/surveillance-survivor-device-suite-derived-data/Build/Products/Debug-iphoneos/SurveillanceSurvivor.app/PlugIns/SurveillanceSurvivorTests.xctest/Frameworks/SurveillanceCore.framework /tmp/surveillance-survivor-device-suite-derived-data/Build/Products/Debug-iphoneos/SurveillanceCore.framework (in target 'SurveillanceSurvivorTests' from project 'SurveillanceSurvivor')
    cd /Users/appliedalchemylabs/Documents/Surveillance-Survivor
    builtin-copy -exclude .DS_Store -exclude CVS -exclude .svn -exclude .git -exclude .hg -exclude Headers -exclude PrivateHeaders -exclude Modules -exclude \*.tbd -bitcode-strip all -bitcode-strip-tool /Applications/Xcode.app/Contents/Developer/Toolchains/XcodeDefault.xctoolchain/usr/bin/bitcode_strip -resolve-src-symlinks -remove-static-executable /tmp/surveillance-survivor-device-suite-derived-data/Build/Products/Debug-iphoneos/SurveillanceCore.framework /tmp/surveillance-survivor-device-suite-derived-data/Build/Products/Debug-iphoneos/SurveillanceSurvivor.app/PlugIns/SurveillanceSurvivorTests.xctest/Frameworks
/Applications/Xcode.app/Contents/Developer/Toolchains/XcodeDefault.xctoolchain/usr/bin/bitcode_strip /tmp/surveillance-survivor-device-suite-derived-data/Build/Products/Debug-iphoneos/SurveillanceCore.framework/SurveillanceCore -r -o /tmp/surveillance-survivor-device-suite-derived-data/Build/Products/Debug-iphoneos/SurveillanceSurvivor.app/PlugIns/SurveillanceSurvivorTests.xctest/Frameworks/SurveillanceCore.framework/SurveillanceCore
GenerateDSYMFile /tmp/surveillance-survivor-device-suite-derived-data/Build/Products/Debug-iphoneos/SurveillanceSurvivor.app/PlugIns/SurveillanceSurvivorTests.xctest.dSYM /tmp/surveillance-survivor-device-suite-derived-data/Build/Products/Debug-iphoneos/SurveillanceSurvivor.app/PlugIns/SurveillanceSurvivorTests.xctest/SurveillanceSurvivorTests (in target 'SurveillanceSurvivorTests' from project 'SurveillanceSurvivor')
    cd /Users/appliedalchemylabs/Documents/Surveillance-Survivor
    /Applications/Xcode.app/Contents/Developer/Toolchains/XcodeDefault.xctoolchain/usr/bin/dsymutil /tmp/surveillance-survivor-device-suite-derived-data/Build/Products/Debug-iphoneos/SurveillanceSurvivor.app/PlugIns/SurveillanceSurvivorTests.xctest/SurveillanceSurvivorTests -o /tmp/surveillance-survivor-device-suite-derived-data/Build/Products/Debug-iphoneos/SurveillanceSurvivor.app/PlugIns/SurveillanceSurvivorTests.xctest.dSYM

CodeSign /tmp/surveillance-survivor-device-suite-derived-data/Build/Products/Debug-iphoneos/SurveillanceSurvivor.app/PlugIns/SurveillanceSurvivorTests.xctest/Frameworks/SurveillanceCore.framework (in target 'SurveillanceSurvivorTests' from project 'SurveillanceSurvivor')
    cd /Users/appliedalchemylabs/Documents/Surveillance-Survivor
    
    Signing Identity:     "Apple Development: scrimshawlife@gmail.com (AK2K2HTTW2)"
    
    /usr/bin/codesign --force --sign B33825DDAC50AB66C55B4DA3C15966CE6DD7D7F1 --timestamp\=none --preserve-metadata\=identifier,entitlements,flags --generate-entitlement-der /tmp/surveillance-survivor-device-suite-derived-data/Build/Products/Debug-iphoneos/SurveillanceSurvivor.app/PlugIns/SurveillanceSurvivorTests.xctest/Frameworks/SurveillanceCore.framework

CopySwiftLibs /tmp/surveillance-survivor-device-suite-derived-data/Build/Products/Debug-iphoneos/SurveillanceSurvivor.app/PlugIns/SurveillanceSurvivorTests.xctest (in target 'SurveillanceSurvivorTests' from project 'SurveillanceSurvivor')
    cd /Users/appliedalchemylabs/Documents/Surveillance-Survivor
    builtin-swiftStdLibTool --copy --verbose --sign B33825DDAC50AB66C55B4DA3C15966CE6DD7D7F1 --scan-executable /tmp/surveillance-survivor-device-suite-derived-data/Build/Products/Debug-iphoneos/SurveillanceSurvivor.app/PlugIns/SurveillanceSurvivorTests.xctest/SurveillanceSurvivorTests --scan-folder /tmp/surveillance-survivor-device-suite-derived-data/Build/Products/Debug-iphoneos/SurveillanceSurvivor.app/PlugIns/SurveillanceSurvivorTests.xctest/Frameworks --scan-folder /tmp/surveillance-survivor-device-suite-derived-data/Build/Products/Debug-iphoneos/SurveillanceSurvivor.app/PlugIns/SurveillanceSurvivorTests.xctest/PlugIns --scan-folder /tmp/surveillance-survivor-device-suite-derived-data/Build/Products/Debug-iphoneos/SurveillanceSurvivor.app/PlugIns/SurveillanceSurvivorTests.xctest/SystemExtensions --scan-folder /tmp/surveillance-survivor-device-suite-derived-data/Build/Products/Debug-iphoneos/SurveillanceSurvivor.app/PlugIns/SurveillanceSurvivorTests.xctest/Extensions --scan-folder /tmp/surveillance-survivor-device-suite-derived-data/Build/Products/Debug-iphoneos/SurveillanceCore.framework --platform iphoneos --toolchain /Applications/Xcode.app/Contents/Developer/Toolchains/XcodeDefault.xctoolchain --destination /tmp/surveillance-survivor-device-suite-derived-data/Build/Products/Debug-iphoneos/SurveillanceSurvivor.app/PlugIns/SurveillanceSurvivorTests.xctest/Frameworks --strip-bitcode --scan-executable /Applications/Xcode.app/Contents/Developer/Platforms/iPhoneOS.platform/Developer/usr/lib/libXCTestSwiftSupport.dylib --strip-bitcode-tool /Applications/Xcode.app/Contents/Developer/Toolchains/XcodeDefault.xctoolchain/usr/bin/bitcode_strip --emit-dependency-info /tmp/surveillance-survivor-device-suite-derived-data/Build/Intermediates.noindex/SurveillanceSurvivor.build/Debug-iphoneos/SurveillanceSurvivorTests.build/SwiftStdLibToolInputDependencies.dep --filter-for-swift-os

ExtractAppIntentsMetadata (in target 'SurveillanceSurvivorTests' from project 'SurveillanceSurvivor')
    cd /Users/appliedalchemylabs/Documents/Surveillance-Survivor
    /Applications/Xcode.app/Contents/Developer/Toolchains/XcodeDefault.xctoolchain/usr/bin/appintentsmetadataprocessor --toolchain-dir /Applications/Xcode.app/Contents/Developer/Toolchains/XcodeDefault.xctoolchain --module-name SurveillanceSurvivorTests --sdk-root /Applications/Xcode.app/Contents/Developer/Platforms/iPhoneOS.platform/Developer/SDKs/iPhoneOS26.5.sdk --xcode-version 17F42 --platform-family iOS --deployment-target 18.0 --bundle-identifier life.zerostate.SurveillanceSurvivorTests --output /tmp/surveillance-survivor-device-suite-derived-data/Build/Products/Debug-iphoneos/SurveillanceSurvivor.app/PlugIns/SurveillanceSurvivorTests.xctest --target-triple arm64-apple-ios18.0 --binary-file /tmp/surveillance-survivor-device-suite-derived-data/Build/Products/Debug-iphoneos/SurveillanceSurvivor.app/PlugIns/SurveillanceSurvivorTests.xctest/SurveillanceSurvivorTests --dependency-file /tmp/surveillance-survivor-device-suite-derived-data/Build/Intermediates.noindex/SurveillanceSurvivor.build/Debug-iphoneos/SurveillanceSurvivorTests.build/Objects-normal/arm64/SurveillanceSurvivorTests_dependency_info.dat --stringsdata-file /tmp/surveillance-survivor-device-suite-derived-data/Build/Intermediates.noindex/SurveillanceSurvivor.build/Debug-iphoneos/SurveillanceSurvivorTests.build/Objects-normal/arm64/ExtractedAppShortcutsMetadata.stringsdata --source-file-list /tmp/surveillance-survivor-device-suite-derived-data/Build/Intermediates.noindex/SurveillanceSurvivor.build/Debug-iphoneos/SurveillanceSurvivorTests.build/Objects-normal/arm64/SurveillanceSurvivorTests.SwiftFileList --metadata-file-list /tmp/surveillance-survivor-device-suite-derived-data/Build/Intermediates.noindex/SurveillanceSurvivor.build/Debug-iphoneos/SurveillanceSurvivorTests.build/SurveillanceSurvivorTests.DependencyMetadataFileList --static-metadata-file-list /tmp/surveillance-survivor-device-suite-derived-data/Build/Intermediates.noindex/SurveillanceSurvivor.build/Debug-iphoneos/SurveillanceSurvivorTests.build/SurveillanceSurvivorTests.DependencyStaticMetadataFileList --swift-const-vals-list /tmp/surveillance-survivor-device-suite-derived-data/Build/Intermediates.noindex/SurveillanceSurvivor.build/Debug-iphoneos/SurveillanceSurvivorTests.build/Objects-normal/arm64/SurveillanceSurvivorTests.SwiftConstValuesFileList --compile-time-extraction --deployment-aware-processing --validate-assistant-intents --no-app-shortcuts-localization
2026-08-01 16:23:33.598 appintentsmetadataprocessor[46895:28854134] Starting appintentsmetadataprocessor export
2026-08-01 16:23:33.601 appintentsmetadataprocessor[46895:28854134] warning: Metadata extraction skipped. No AppIntents.framework dependency found.

AppIntentsSSUTraining (in target 'SurveillanceSurvivorTests' from project 'SurveillanceSurvivor')
    cd /Users/appliedalchemylabs/Documents/Surveillance-Survivor
    /Applications/Xcode.app/Contents/Developer/Toolchains/XcodeDefault.xctoolchain/usr/bin/appintentsnltrainingprocessor --infoplist-path /tmp/surveillance-survivor-device-suite-derived-data/Build/Products/Debug-iphoneos/SurveillanceSurvivor.app/PlugIns/SurveillanceSurvivorTests.xctest/Info.plist --temp-dir-path /tmp/surveillance-survivor-device-suite-derived-data/Build/Intermediates.noindex/SurveillanceSurvivor.build/Debug-iphoneos/SurveillanceSurvivorTests.build/ssu --bundle-id life.zerostate.SurveillanceSurvivorTests --product-path /tmp/surveillance-survivor-device-suite-derived-data/Build/Products/Debug-iphoneos/SurveillanceSurvivor.app/PlugIns/SurveillanceSurvivorTests.xctest --extracted-metadata-path /tmp/surveillance-survivor-device-suite-derived-data/Build/Products/Debug-iphoneos/SurveillanceSurvivor.app/PlugIns/SurveillanceSurvivorTests.xctest/Metadata.appintents --metadata-file-list /tmp/surveillance-survivor-device-suite-derived-data/Build/Intermediates.noindex/SurveillanceSurvivor.build/Debug-iphoneos/SurveillanceSurvivorTests.build/SurveillanceSurvivorTests.DependencyMetadataFileList --source-file /tmp/surveillance-survivor-device-suite-derived-data/Build/Products/Debug-iphoneos/SurveillanceSurvivor.app/PlugIns/SurveillanceSurvivorTests.xctest/Info.plist --archive-ssu-assets
2026-08-01 16:23:33.628 appintentsnltrainingprocessor[46896:28854137] Parsing options for appintentsnltrainingprocessor
2026-08-01 16:23:33.629 appintentsnltrainingprocessor[46896:28854137] Starting AppIntents SSU YAML Generation
2026-08-01 16:23:33.629 appintentsnltrainingprocessor[46896:28854137] No AppShortcuts found - Skipping.

CodeSign /tmp/surveillance-survivor-device-suite-derived-data/Build/Products/Debug-iphoneos/SurveillanceSurvivor.app/PlugIns/SurveillanceSurvivorTests.xctest (in target 'SurveillanceSurvivorTests' from project 'SurveillanceSurvivor')
    cd /Users/appliedalchemylabs/Documents/Surveillance-Survivor
    
    Signing Identity:     "Apple Development: scrimshawlife@gmail.com (AK2K2HTTW2)"
    
    /usr/bin/codesign --force --sign B33825DDAC50AB66C55B4DA3C15966CE6DD7D7F1 --timestamp\=none --generate-entitlement-der /tmp/surveillance-survivor-device-suite-derived-data/Build/Products/Debug-iphoneos/SurveillanceSurvivor.app/PlugIns/SurveillanceSurvivorTests.xctest

RegisterExecutionPolicyException /tmp/surveillance-survivor-device-suite-derived-data/Build/Products/Debug-iphoneos/SurveillanceSurvivor.app/PlugIns/SurveillanceSurvivorTests.xctest (in target 'SurveillanceSurvivorTests' from project 'SurveillanceSurvivor')
    cd /Users/appliedalchemylabs/Documents/Surveillance-Survivor
    builtin-RegisterExecutionPolicyException /tmp/surveillance-survivor-device-suite-derived-data/Build/Products/Debug-iphoneos/SurveillanceSurvivor.app/PlugIns/SurveillanceSurvivorTests.xctest

Touch /tmp/surveillance-survivor-device-suite-derived-data/Build/Products/Debug-iphoneos/SurveillanceSurvivor.app/PlugIns/SurveillanceSurvivorTests.xctest (in target 'SurveillanceSurvivorTests' from project 'SurveillanceSurvivor')
    cd /Users/appliedalchemylabs/Documents/Surveillance-Survivor
    /usr/bin/touch -c /tmp/surveillance-survivor-device-suite-derived-data/Build/Products/Debug-iphoneos/SurveillanceSurvivor.app/PlugIns/SurveillanceSurvivorTests.xctest

CodeSign /tmp/surveillance-survivor-device-suite-derived-data/Build/Products/Debug-iphoneos/SurveillanceSurvivor.app/SurveillanceSurvivor.debug.dylib (in target 'SurveillanceSurvivor' from project 'SurveillanceSurvivor')
    cd /Users/appliedalchemylabs/Documents/Surveillance-Survivor
    
    Signing Identity:     "Apple Development: scrimshawlife@gmail.com (AK2K2HTTW2)"
    Provisioning Profile: "iOS Team Provisioning Profile: life.zerostate.surveillancesurvivor"
                          (eed68592-664e-4990-8475-efb3cbfe6427)
    
    /usr/bin/codesign --force --sign B33825DDAC50AB66C55B4DA3C15966CE6DD7D7F1 --timestamp\=none --generate-entitlement-der /tmp/surveillance-survivor-device-suite-derived-data/Build/Products/Debug-iphoneos/SurveillanceSurvivor.app/SurveillanceSurvivor.debug.dylib
/tmp/surveillance-survivor-device-suite-derived-data/Build/Products/Debug-iphoneos/SurveillanceSurvivor.app/SurveillanceSurvivor.debug.dylib: replacing existing signature

CodeSign /tmp/surveillance-survivor-device-suite-derived-data/Build/Products/Debug-iphoneos/SurveillanceSurvivor.app/__preview.dylib (in target 'SurveillanceSurvivor' from project 'SurveillanceSurvivor')
    cd /Users/appliedalchemylabs/Documents/Surveillance-Survivor
    
    Signing Identity:     "Apple Development: scrimshawlife@gmail.com (AK2K2HTTW2)"
    Provisioning Profile: "iOS Team Provisioning Profile: life.zerostate.surveillancesurvivor"
                          (eed68592-664e-4990-8475-efb3cbfe6427)
    
    /usr/bin/codesign --force --sign B33825DDAC50AB66C55B4DA3C15966CE6DD7D7F1 --timestamp\=none --generate-entitlement-der /tmp/surveillance-survivor-device-suite-derived-data/Build/Products/Debug-iphoneos/SurveillanceSurvivor.app/__preview.dylib
/tmp/surveillance-survivor-device-suite-derived-data/Build/Products/Debug-iphoneos/SurveillanceSurvivor.app/__preview.dylib: replacing existing signature

CodeSign /tmp/surveillance-survivor-device-suite-derived-data/Build/Products/Debug-iphoneos/SurveillanceSurvivor.app (in target 'SurveillanceSurvivor' from project 'SurveillanceSurvivor')
    cd /Users/appliedalchemylabs/Documents/Surveillance-Survivor
    
    Signing Identity:     "Apple Development: scrimshawlife@gmail.com (AK2K2HTTW2)"
    Provisioning Profile: "iOS Team Provisioning Profile: life.zerostate.surveillancesurvivor"
                          (eed68592-664e-4990-8475-efb3cbfe6427)
    
    /usr/bin/codesign --force --sign B33825DDAC50AB66C55B4DA3C15966CE6DD7D7F1 --entitlements /tmp/surveillance-survivor-device-suite-derived-data/Build/Intermediates.noindex/SurveillanceSurvivor.build/Debug-iphoneos/SurveillanceSurvivor.build/SurveillanceSurvivor.app.xcent --timestamp\=none --generate-entitlement-der /tmp/surveillance-survivor-device-suite-derived-data/Build/Products/Debug-iphoneos/SurveillanceSurvivor.app
/tmp/surveillance-survivor-device-suite-derived-data/Build/Products/Debug-iphoneos/SurveillanceSurvivor.app: replacing existing signature

Validate /tmp/surveillance-survivor-device-suite-derived-data/Build/Products/Debug-iphoneos/SurveillanceSurvivor.app (in target 'SurveillanceSurvivor' from project 'SurveillanceSurvivor')
    cd /Users/appliedalchemylabs/Documents/Surveillance-Survivor
    builtin-validationUtility /tmp/surveillance-survivor-device-suite-derived-data/Build/Products/Debug-iphoneos/SurveillanceSurvivor.app -shallow-bundle -infoplist-subpath Info.plist

ProcessInfoPlistFile /tmp/surveillance-survivor-device-suite-derived-data/Build/Products/Debug-iphoneos/SurveillanceSurvivorUITests-Runner.app/PlugIns/SurveillanceSurvivorUITests.xctest/Info.plist /tmp/surveillance-survivor-device-suite-derived-data/Build/Intermediates.noindex/SurveillanceSurvivor.build/Debug-iphoneos/SurveillanceSurvivorUITests.build/empty-SurveillanceSurvivorUITests.plist (in target 'SurveillanceSurvivorUITests' from project 'SurveillanceSurvivor')
    cd /Users/appliedalchemylabs/Documents/Surveillance-Survivor
    builtin-infoPlistUtility /tmp/surveillance-survivor-device-suite-derived-data/Build/Intermediates.noindex/SurveillanceSurvivor.build/Debug-iphoneos/SurveillanceSurvivorUITests.build/empty-SurveillanceSurvivorUITests.plist -producttype com.apple.product-type.bundle.ui-testing -expandbuildsettings -format binary -platform iphoneos -additionalcontentfile /tmp/surveillance-survivor-device-suite-derived-data/Build/Intermediates.noindex/SurveillanceSurvivor.build/Debug-iphoneos/SurveillanceSurvivorUITests.build/ProductTypeInfoPlistAdditions.plist -requiredArchitecture arm64 -o /tmp/surveillance-survivor-device-suite-derived-data/Build/Products/Debug-iphoneos/SurveillanceSurvivorUITests-Runner.app/PlugIns/SurveillanceSurvivorUITests.xctest/Info.plist

CopySwiftLibs /tmp/surveillance-survivor-device-suite-derived-data/Build/Products/Debug-iphoneos/SurveillanceSurvivorUITests-Runner.app/PlugIns/SurveillanceSurvivorUITests.xctest (in target 'SurveillanceSurvivorUITests' from project 'SurveillanceSurvivor')
    cd /Users/appliedalchemylabs/Documents/Surveillance-Survivor
    builtin-swiftStdLibTool --copy --verbose --sign B33825DDAC50AB66C55B4DA3C15966CE6DD7D7F1 --scan-executable /tmp/surveillance-survivor-device-suite-derived-data/Build/Products/Debug-iphoneos/SurveillanceSurvivorUITests-Runner.app/PlugIns/SurveillanceSurvivorUITests.xctest/SurveillanceSurvivorUITests --scan-folder /tmp/surveillance-survivor-device-suite-derived-data/Build/Products/Debug-iphoneos/SurveillanceSurvivorUITests-Runner.app/PlugIns/SurveillanceSurvivorUITests.xctest/Frameworks --scan-folder /tmp/surveillance-survivor-device-suite-derived-data/Build/Products/Debug-iphoneos/SurveillanceSurvivorUITests-Runner.app/PlugIns/SurveillanceSurvivorUITests.xctest/PlugIns --scan-folder /tmp/surveillance-survivor-device-suite-derived-data/Build/Products/Debug-iphoneos/SurveillanceSurvivorUITests-Runner.app/PlugIns/SurveillanceSurvivorUITests.xctest/SystemExtensions --scan-folder /tmp/surveillance-survivor-device-suite-derived-data/Build/Products/Debug-iphoneos/SurveillanceSurvivorUITests-Runner.app/PlugIns/SurveillanceSurvivorUITests.xctest/Extensions --platform iphoneos --toolchain /Applications/Xcode.app/Contents/Developer/Toolchains/XcodeDefault.xctoolchain --destination /tmp/surveillance-survivor-device-suite-derived-data/Build/Products/Debug-iphoneos/SurveillanceSurvivorUITests-Runner.app/PlugIns/SurveillanceSurvivorUITests.xctest/Frameworks --strip-bitcode --scan-executable /Applications/Xcode.app/Contents/Developer/Platforms/iPhoneOS.platform/Developer/usr/lib/libXCTestSwiftSupport.dylib --strip-bitcode-tool /Applications/Xcode.app/Contents/Developer/Toolchains/XcodeDefault.xctoolchain/usr/bin/bitcode_strip --emit-dependency-info /tmp/surveillance-survivor-device-suite-derived-data/Build/Intermediates.noindex/SurveillanceSurvivor.build/Debug-iphoneos/SurveillanceSurvivorUITests.build/SwiftStdLibToolInputDependencies.dep --filter-for-swift-os

2026-08-01 16:23:37.663990-0700 SurveillanceSurvivorUITests-Runner[8356:3018749] [Default] Running tests...
    t =      nans Interface orientation changed to Landscape Right
Test Suite 'Selected tests' started at 2026-08-01 16:23:38.036.
Test Suite 'SurveillanceSurvivorUITests.xctest' started at 2026-08-01 16:23:38.036.
Test Suite 'DeviceAcceptanceUITests' started at 2026-08-01 16:23:38.037.
Test Case '-[SurveillanceSurvivorUITests.DeviceAcceptanceUITests testForceExtractShowsRunSummaryAndCopyReceipt]' started.
    t =     0.00s Start Test at 2026-08-01 16:23:38.037
    t =     0.01s Set Up
    t =     0.02s Open life.zerostate.surveillancesurvivor
    t =     0.02s     Launch life.zerostate.surveillancesurvivor
    t =     0.02s         Terminate life.zerostate.surveillancesurvivor:8348
    t =     0.07s             Interface orientation changed to Portrait
2026-08-01 16:23:39.214 xcodebuild[46852:28853838] [MT] IDELaunchParametersSnapshot: The operation couldn’t be completed. (DebuggerLLDB.DebuggerVersionStore.StoreError error 0.)
2026-08-01 16:23:39.214 xcodebuild[46852:28853838] [MT] IDELaunchParametersSnapshot: no debugger version
    t =     4.01s         Interface orientation changed to Landscape Right
    t =     4.05s         Setting up automation session
    t =     4.18s         Wait for life.zerostate.surveillancesurvivor to idle
    t =     5.52s Wait for life.zerostate.surveillancesurvivor to become Running Foreground
    t =     7.52s Waiting 25.0s for "run-summary" Any to exist
    t =     8.55s     Checking `Expect predicate `existsNoRetry == 1` for object "run-summary" Any`
    t =     8.55s         Checking existence of `"run-summary" Any`
    t =     8.57s             Requesting snapshot of accessibility hierarchy for app with pid 8358
    t =     8.70s             Find: Descendants matching type Any
    t =     8.71s             Find: Elements matching predicate '"run-summary" IN identifiers'
    t =     8.71s             Find: Element at index 0
    t =     8.72s Checking existence of `"run-summary" Any`
    t =     8.72s     Requesting snapshot of accessibility hierarchy for app with pid 8358
    t =     8.77s     Find: Descendants matching type Any
    t =     8.78s     Find: Elements matching predicate '"run-summary" IN identifiers'
    t =     8.78s     Find: Element at index 0
    t =     8.78s Waiting 15.0s for "copy-receipt-json" Any to exist
    t =     9.81s     Checking `Expect predicate `existsNoRetry == 1` for object "copy-receipt-json" Any`
    t =     9.81s         Checking existence of `"copy-receipt-json" Any`
    t =     9.82s             Requesting snapshot of accessibility hierarchy for app with pid 8358
    t =     9.90s             Find: Descendants matching type Any
    t =     9.90s             Find: Elements matching predicate '"copy-receipt-json" IN identifiers'
    t =     9.91s             Find: Element at index 0
    t =     9.91s Find the "copy-receipt-json" Any
    t =     9.92s     Requesting snapshot of accessibility hierarchy for app with pid 8358
    t =     9.97s     Find: Descendants matching type Any
    t =     9.98s     Find: Elements matching predicate '"copy-receipt-json" IN identifiers'
    t =     9.98s     Find: Element at index 0
    t =    10.01s Tap "copy-receipt-json" Button
    t =    10.01s     Wait for life.zerostate.surveillancesurvivor to idle
    t =    10.02s     Find the "copy-receipt-json" Button
    t =    10.02s         Requesting snapshot of accessibility hierarchy for app with pid 8358
    t =    10.06s         Find: Descendants matching type Any
    t =    10.06s         Find: Elements matching predicate '"copy-receipt-json" IN identifiers'
    t =    10.07s         Find: Element at index 0
    t =    10.07s     Check for interrupting elements affecting "copy-receipt-json" Button
    t =    10.08s         Requesting snapshot of accessibility hierarchy for app with pid 8358
    t =    10.12s         Find: Descendants matching predicate identifier == "NotificationShortLookView" OR elementType == 7
    t =    10.15s     Synthesize event
    t =    10.43s     Wait for life.zerostate.surveillancesurvivor to idle
    t =    10.94s Waiting 10.0s for "mastery-summary" Any to exist
    t =    11.97s     Checking `Expect predicate `existsNoRetry == 1` for object "mastery-summary" Any`
    t =    11.97s         Checking existence of `"mastery-summary" Any`
    t =    11.98s             Requesting snapshot of accessibility hierarchy for app with pid 8358
    t =    12.06s             Find: Descendants matching type Any
    t =    12.06s             Find: Elements matching predicate '"mastery-summary" IN identifiers'
    t =    12.06s             Find: Element at index 0
    t =    12.07s Waiting 5.0s for "BLIND SPOT REACHED" StaticText to exist
    t =    13.10s     Checking `Expect predicate `existsNoRetry == 1` for object "BLIND SPOT REACHED" StaticText`
    t =    13.10s         Checking existence of `"BLIND SPOT REACHED" StaticText`
    t =    13.11s             Requesting snapshot of accessibility hierarchy for app with pid 8358
    t =    13.19s             Find: Descendants matching type StaticText
    t =    13.19s             Find: Elements matching predicate '"BLIND SPOT REACHED" IN identifiers'
    t =    13.20s Find the Target Application 'life.zerostate.surveillancesurvivor'
    t =    13.20s     Requesting snapshot of accessibility hierarchy for app with pid 8358
    t =    13.37s Added attachment named 'device-acceptance-extract-summary'
    t =    13.37s Terminate life.zerostate.surveillancesurvivor:8358
    t =    13.55s     Interface orientation changed to Portrait
    t =    14.37s Tear Down
Test Case '-[SurveillanceSurvivorUITests.DeviceAcceptanceUITests testForceExtractShowsRunSummaryAndCopyReceipt]' passed (14.411 seconds).
Test Suite 'DeviceAcceptanceUITests' passed at 2026-08-01 16:23:52.450.
	 Executed 1 test, with 0 failures (0 unexpected) in 14.411 (14.413) seconds
Test Suite 'SurveillanceSurvivorUITests.xctest' passed at 2026-08-01 16:23:52.451.
	 Executed 1 test, with 0 failures (0 unexpected) in 14.411 (14.414) seconds
Test Suite 'Selected tests' passed at 2026-08-01 16:23:52.451.
	 Executed 1 test, with 0 failures (0 unexpected) in 14.411 (14.415) seconds
2026-08-01 16:23:52.758 xcodebuild[46852:28853838] [MT] IDETestOperationsObserverDebug: 16.821 elapsed -- Testing started completed.
2026-08-01 16:23:52.758 xcodebuild[46852:28853838] [MT] IDETestOperationsObserverDebug: 0.000 sec, +0.000 sec -- start
2026-08-01 16:23:52.758 xcodebuild[46852:28853838] [MT] IDETestOperationsObserverDebug: 16.821 sec, +16.821 sec -- end

Test session results, code coverage, and logs:
	/Users/appliedalchemylabs/Documents/Surveillance-Survivor/.device-smoke/DeviceUITests-attempt1.xcresult

** TEST SUCCEEDED **

Testing started
---- device-ui-tests OK (23s) ----
Wrote receipt: /Users/appliedalchemylabs/Documents/Surveillance-Survivor/.device-smoke/device-receipt.json

Device suite passed.
Artifacts under: /Users/appliedalchemylabs/Documents/Surveillance-Survivor/.device-smoke
Receipt: /Users/appliedalchemylabs/Documents/Surveillance-Survivor/.device-smoke/device-receipt.json
xcresult: /Users/appliedalchemylabs/Documents/Surveillance-Survivor/.device-smoke/DeviceUITests.xcresult

NOTE: Automated deploy (+ optional XCUITests / force-extract) only.
Operator still owns ART checklist visual sign-off for ship_gate.
Acceptance automation: mechanical Blind Spot extract UI only (not ART_SHIP_APPROVED).
